Microchip MPLAB XC8 Compiler V2.41

Linker command line:

-W-3 \
  --edf=C:\Program Files\Microchip\xc8\v2.41\pic\dat\20230208172133_en.msgs \
  -cn -h+dist/default/production\SPI_PRUEBA.X.production.sym \
  --cmf=dist/default/production\SPI_PRUEBA.X.production.cmf -z -Q18F4550 \
  -oC:\Users\Wels\AppData\Local\Temp\xcAsc6c.\driver_tmp_3.o \
  --defsym=__MPLAB_BUILD=1 --fixupoverflow=error \
  -Mdist/default/production/SPI_PRUEBA.X.production.map \
  --md=C:\Users\Wels\AppData\Local\Temp\xcAsc6c.\driver_tmp_0.dat -E1 \
  -ver=XC8 Compiler --acfsm=1493 -ACODE=00h-07FFFh -ACONST=00h-07FFFh \
  -ASMALLCONST=0800h-08FFhx120 -AMEDIUMCONST=0800h-07FFFh -ACOMRAM=01h-05Fh \
  -AABS1=00h-07FFh -ABIGRAM=01h-07FFh -ARAM=060h-0FFh,0100h-01FFhx7 \
  -ABANK0=060h-0FFh -ABANK1=0100h-01FFh -ABANK2=0200h-02FFh \
  -ABANK3=0300h-03FFh -ABANK4=0400h-04FFh -ABANK5=0500h-05FFh \
  -ABANK6=0600h-06FFh -ABANK7=0700h-07FFh -ASFR=0F60h-0FFFh \
  -ABIGSFR=0F60h-0FFFh -ACONFIG=0300000h-030000Dh -AIDLOC=0200000h-0200007h \
  -AEEDATA=0F00000h-0F000FFh -peeprom_data=EEDATA \
  -preset_vec=00h,intcode,intcodelo,powerup,init -pramtop=0800h \
  -psmallconst=SMALLCONST -pmediumconst=MEDIUMCONST -pconst=CONST \
  -AFARRAM=00h-00h \
  -prdata=COMRAM,nvrram=COMRAM,nvbit=COMRAM,rbss=COMRAM,rbit=COMRAM \
  -pfarbss=FARRAM,fardata=FARRAM,nvFARRAM=FARRAM \
  -pintsave_regs=BIGRAM,bigbss=BIGRAM,bigdata=BIGRAM -pbss=RAM \
  -pidata=CODE,irdata=CODE,ibigdata=CODE,ifardata=CODE -prparam=COMRAM \
  C:\Users\Wels\AppData\Local\Temp\xcAsc6c.\driver_tmp_9.o \
  dist/default/production\SPI_PRUEBA.X.production.o 

Object code version is 3.11

Machine type is 18F4550



                Name                               Link     Load   Length Selector   Space Scale
C:\Users\Wels\AppData\Local\Temp\xcAsc6c.\driver_tmp_9.o
                idloc                            200000   200000        8        0       5
                config                           300000   300000        E        0       4
                init                                  0        0        4        0       0
dist/default/production\SPI_PRUEBA.X.production.o
                idloc                            200000   200000        8        0       5
                config                           300000   300000        E        0       4
                smallconst                          800      800       34      400       0
                text48                             5DD2     5DD2       1A      41A       0
                text47                             58A4     58A4       9C      41A       0
                text46                             5DEC     5DEC       18      41A       0
                text45                             5E04     5E04        A      41A       0
                text44                             5B9E     5B9E       5E      41A       0
                text43                             5D3C     5D3C       2A      41A       0
                text42                             5694     5694       C2      41A       0
                text41                             5BFC     5BFC       58      41A       0
                text40                             4CE8     4CE8      13C      41A       0
                text39                             5756     5756       AA      41A       0
                text38                             4720     4720      1AA      41A       0
                text37                             48CA     48CA      186      41A       0
                text36                             55D0     55D0       C4      41A       0
                text35                             5D12     5D12       2A      41A       0
                text34                             5D8E     5D8E       26      41A       0
                text33                             1C60     1C60      604      41A       0
                text32                             5CDA     5CDA       38      41A       0
                text31                             41DC     41DC      1E6      41A       0
                text30                             5DB4     5DB4       1E      41A       0
                text29                             5442     5442       C8      41A       0
                text28                             4A50     4A50      15C      41A       0
                text27                             5C54     5C54       4A      41A       0
                text26                             5800     5800       A4      41A       0
                text25                             5AD6     5AD6       6A      41A       0
                text24                             5088     5088      11C      41A       0
                text23                             5D66     5D66       28      41A       0
                text22                             3F06     3F06      2D6      41A       0
                text21                             4F5C     4F5C      12C      41A       0
                text20                              834      834      B9A      41A       0
                text19                             528E     528E       E2      41A       0
                text18                             550A     550A       C6      41A       0
                text17                             303E     303E      3F2      41A       0
                text16                             2730     2730      4A4      41A       0
                text15                             37FC     37FC      3BE      41A       0
                text14                             2264     2264      4CC      41A       0
                text13                             3BBA     3BBA      34C      41A       0
                text12                             4BAC     4BAC      13C      41A       0
                text11                             5370     5370       D2      41A       0
                text10                             51A4     51A4       EA      41A       0
                text9                              5B40     5B40       5E      41A       0
                text8                              3430     3430      3CC      41A       0
                text7                              5A5C     5A5C       7A      41A       0
                text6                              4E24     4E24      138      41A       0
                text5                              59D4     59D4       88      41A       0
                text4                              43C2     43C2      1B0      41A       0
                text3                              4572     4572      1AE      41A       0
                text2                              2BD4     2BD4      46A      41A       0
                text1                              13CE     13CE      892      41A       0
                text0                              5940     5940       94      41A       0
                cstackCOMRAM                          1        1       5F        1       1
                cstackBANK0                          60       60       72       60       1
                bssBIGRAM                           5D2      5D2      22E      5D2       1
                dataBANK0                            F7       F7        1       60       1
                bssBANK0                             D2       D2       25       60       1
                cinit                              5C9E     5C9E       3C      41A       0
                idataBANK0                         5E0E     5E0E        1      41A       0

TOTAL           Name                               Link     Load   Length     Space
        CLASS   CODE           
                init                                  0        0        4         0
                text48                             5DD2     5DD2       1A         0
                text47                             58A4     58A4       9C         0
                text46                             5DEC     5DEC       18         0
                text45                             5E04     5E04        A         0
                text44                             5B9E     5B9E       5E         0
                text43                             5D3C     5D3C       2A         0
                text42                             5694     5694       C2         0
                text41                             5BFC     5BFC       58         0
                text40                             4CE8     4CE8      13C         0
                text39                             5756     5756       AA         0
                text38                             4720     4720      1AA         0
                text37                             48CA     48CA      186         0
                text36                             55D0     55D0       C4         0
                text35                             5D12     5D12       2A         0
                text34                             5D8E     5D8E       26         0
                text33                             1C60     1C60      604         0
                text32                             5CDA     5CDA       38         0
                text31                             41DC     41DC      1E6         0
                text30                             5DB4     5DB4       1E         0
                text29                             5442     5442       C8         0
                text28                             4A50     4A50      15C         0
                text27                             5C54     5C54       4A         0
                text26                             5800     5800       A4         0
                text25                             5AD6     5AD6       6A         0
                text24                             5088     5088      11C         0
                text23                             5D66     5D66       28         0
                text22                             3F06     3F06      2D6         0
                text21                             4F5C     4F5C      12C         0
                text20                              834      834      B9A         0
                text19                             528E     528E       E2         0
                text18                             550A     550A       C6         0
                text17                             303E     303E      3F2         0
                text16                             2730     2730      4A4         0
                text15                             37FC     37FC      3BE         0
                text14                             2264     2264      4CC         0
                text13                             3BBA     3BBA      34C         0
                text12                             4BAC     4BAC      13C         0
                text11                             5370     5370       D2         0
                text10                             51A4     51A4       EA         0
                text9                              5B40     5B40       5E         0
                text8                              3430     3430      3CC         0
                text7                              5A5C     5A5C       7A         0
                text6                              4E24     4E24      138         0
                text5                              59D4     59D4       88         0
                text4                              43C2     43C2      1B0         0
                text3                              4572     4572      1AE         0
                text2                              2BD4     2BD4      46A         0
                text1                              13CE     13CE      892         0
                text0                              5940     5940       94         0
                cinit                              5C9E     5C9E       3C         0
                idataBANK0                         5E0E     5E0E        1         0

        CLASS   CONST          

        CLASS   SMALLCONST     
                smallconst                          800      800       34         0

        CLASS   MEDIUMCONST    

        CLASS   COMRAM         
                cstackCOMRAM                          1        1       5F         1

        CLASS   ABS1           

        CLASS   BIGRAM         
                bssBIGRAM                           5D2      5D2      22E         1

        CLASS   RAM            

        CLASS   BANK0          
                cstackBANK0                          60       60       72         1
                dataBANK0                            F7       F7        1         1
                bssBANK0                             D2       D2       25         1

        CLASS   BANK1          

        CLASS   BANK2          

        CLASS   BANK3          

        CLASS   BANK4          

        CLASS   BANK5          

        CLASS   BANK6          

        CLASS   BANK7          

        CLASS   SFR            

        CLASS   BIGSFR         

        CLASS   CONFIG         
                config                           300000   300000        E         4

        CLASS   IDLOC          
                idloc                            200000   200000        8         5

        CLASS   EEDATA         

        CLASS   FARRAM         

        CLASS   HEAP           

        CLASS   STACK          



SEGMENTS        Name                           Load    Length   Top    Selector   Space  Class

                reset_vec                      000000  000004  000004         0       0  CODE    
                cstackCOMRAM                   000001  00005F  000060         1       1  COMRAM  
                cstackBANK0                    000060  000098  0000F8        60       1  BANK0   
                bssBIGRAM                      0005D2  00022E  000800       5D2       1  BIGRAM  
                smallconst                     000800  000034  000834       400       0  SMALLCON
                text20                         000834  0055DB  005E0F       41A       0  CODE    


UNUSED ADDRESS RANGES

        Name                Unused          Largest block    Delta
        BANK0            0000F8-0000FF                8
        BANK1            000100-0001FF              100
        BANK2            000200-0002FF              100
        BANK3            000300-0003FF              100
        BANK4            000400-0004FF              100
        BANK5            000500-0005D1               D2
        BIGRAM           0000F8-0005D1              4DA
        BIGSFR           000F60-000FFF               A0
        CODE             000004-0007FF              7FC
                         005E0F-007FFF             21F1
        CONST            000004-0007FF              7FC
                         005E0F-007FFF             21F1
        EEDATA           F00000-F000FF              100
        MEDIUMCONST      005E0F-007FFF             21F1
        RAM              0000F8-0005D1              100
        SFR              000F60-000FFF               A0
        SMALLCONST       005E0F-007FFF              100

                                  Symbol Table

?___lldiv                cstackCOMRAM 000001
?___lmul                 cstackCOMRAM 000001
?___wmul                 cstackCOMRAM 000001
?_chk_chr                cstackCOMRAM 000001
?_clust2sect             cstackCOMRAM 00000D
?_create_chain           cstackCOMRAM 000056
?_get_fat                cstackCOMRAM 00003B
?_get_ldnumber           cstackCOMRAM 000001
?_ld_clust               cstackCOMRAM 000001
?_mem_cmp                cstackCOMRAM 000001
SPI_Exchange@data        cstackCOMRAM 000001
SPI_Write@x              cstackCOMRAM 000001
_ADCON0bits              (abs)        000FC2
_ADCON1bits              (abs)        000FC1
_ADCON2bits              (abs)        000FC0
_ADRES                   (abs)        000FC3
_CardType                bssBANK0     0000D6
_FatFs                   bssBIGRAM    0005D2
_FatFs@ff$F740           bssBANK0     0000D4
_Fil                     bssBANK0     0000D7
_Fsid                    bssBANK0     0000D2
_LATA5                   (abs)        007C4D
_LATAbits                (abs)        000F89
_PIR1bits                (abs)        000F9E
_SPI_Exchange            text48       005DD2
_SPI_Init_Master         text23       005D66
_SPI_Write               text46       005DEC
_SSPBUF                  (abs)        000FC9
_SSPCON1bits             (abs)        000FC6
_SSPSTATbits             (abs)        000FC7
_Stat                    dataBANK0    0000F7
_TRISAbits               (abs)        000F92
_TRISBbits               (abs)        000F93
_TRISCbits               (abs)        000F94
_TRISD                   (abs)        000F95
__HRAM                   (abs)        000000
__H__absolute__          __absolute__ 000000
__Habs1                  abs1         000000
__Hbank0                 bank0        000000
__Hbank1                 bank1        000000
__Hbank2                 bank2        000000
__Hbank3                 bank3        000000
__Hbank4                 bank4        000000
__Hbank5                 bank5        000000
__Hbank6                 bank6        000000
__Hbank7                 bank7        000000
__Hbigbss                bigbss       000000
__Hbigdata               bigdata      000000
__Hbigram                bigram       000000
__Hbigsfr                bigsfr       000000
__Hbss                   bss          000000
__HbssBANK0              bssBANK0     000000
__HbssBIGRAM             bssBIGRAM    000000
__Hcinit                 cinit        000000
__Hclrtext               clrtext      000000
__Hcomram                comram       000000
__Hconfig                config       30000E
__Hconst                 const        000000
__HcstackBANK0           cstackBANK0  000000
__HcstackCOMRAM          cstackCOMRAM 000000
__Hdata                  data         000000
__HdataBANK0             dataBANK0    000000
__Heeprom_data           eeprom_data  000000
__Hfarbss                farbss       000000
__Hfardata               fardata      000000
__Hheap                  heap         000000
__Hibigdata              ibigdata     000000
__Hidata                 idata        000000
__HidataBANK0            idataBANK0   000000
__Hidloc                 idloc        200008
__Hifardata              ifardata     000000
__Hinit                  init         000004
__Hintcode               intcode      000000
__Hintcode_body          intcode_body 000000
__Hintcodelo             intcodelo    000000
__Hintentry              intentry     000000
__Hintret                intret       000000
__Hintsave_regs          intsave_regs 000000
__Hirdata                irdata       000000
__Hmediumconst           mediumconst  000000
__HnvFARRAM              nvFARRAM     000000
__Hnvbit                 nvbit        000000
__Hnvrram                nvrram       000000
__Hparam                 rparam       000000
__Hpowerup               powerup      000000
__Hram                   ram          000000
__Hramtop                ramtop       000800
__Hrbit                  rbit         000000
__Hrbss                  rbss         000000
__Hrdata                 rdata        000000
__Hreset_vec             reset_vec    000000
__Hrparam                rparam       000000
__Hsfr                   sfr          000000
__Hsmallconst            smallconst   000834
__Hspace_0               (abs)        005E0F
__Hspace_1               (abs)        000800
__Hspace_2               (abs)        000000
__Hspace_4               (abs)        60000E
__Hstack                 stack        000000
__Hstruct                struct       000000
__Htemp                  temp         000000
__Htext                  text         000000
__Htext0                 text0        000000
__Htext1                 text1        000000
__Htext10                text10       000000
__Htext11                text11       000000
__Htext12                text12       000000
__Htext13                text13       000000
__Htext14                text14       000000
__Htext15                text15       000000
__Htext16                text16       000000
__Htext17                text17       000000
__Htext18                text18       000000
__Htext19                text19       000000
__Htext2                 text2        000000
__Htext20                text20       000000
__Htext21                text21       000000
__Htext22                text22       000000
__Htext23                text23       000000
__Htext24                text24       000000
__Htext25                text25       000000
__Htext26                text26       000000
__Htext27                text27       000000
__Htext28                text28       000000
__Htext29                text29       000000
__Htext3                 text3        000000
__Htext30                text30       000000
__Htext31                text31       000000
__Htext32                text32       000000
__Htext33                text33       000000
__Htext34                text34       000000
__Htext35                text35       000000
__Htext36                text36       000000
__Htext37                text37       000000
__Htext38                text38       000000
__Htext39                text39       000000
__Htext4                 text4        000000
__Htext40                text40       000000
__Htext41                text41       000000
__Htext42                text42       000000
__Htext43                text43       000000
__Htext44                text44       000000
__Htext45                text45       000000
__Htext46                text46       000000
__Htext47                text47       000000
__Htext48                text48       000000
__Htext5                 text5        000000
__Htext6                 text6        000000
__Htext7                 text7        000000
__Htext8                 text8        000000
__Htext9                 text9        000000
__LRAM                   (abs)        000001
__L__absolute__          __absolute__ 000000
__Labs1                  abs1         000000
__Lbank0                 bank0        000000
__Lbank1                 bank1        000000
__Lbank2                 bank2        000000
__Lbank3                 bank3        000000
__Lbank4                 bank4        000000
__Lbank5                 bank5        000000
__Lbank6                 bank6        000000
__Lbank7                 bank7        000000
__Lbigbss                bigbss       000000
__Lbigdata               bigdata      000000
__Lbigram                bigram       000000
__Lbigsfr                bigsfr       000000
__Lbss                   bss          000000
__LbssBANK0              bssBANK0     000000
__LbssBIGRAM             bssBIGRAM    000000
__Lcinit                 cinit        000000
__Lclrtext               clrtext      000000
__Lcomram                comram       000000
__Lconfig                config       000000
__Lconst                 const        000000
__LcstackBANK0           cstackBANK0  000000
__LcstackCOMRAM          cstackCOMRAM 000000
__Ldata                  data         000000
__LdataBANK0             dataBANK0    000000
__Leeprom_data           eeprom_data  000000
__Lfarbss                farbss       000000
__Lfardata               fardata      000000
__Lheap                  heap         000000
__Libigdata              ibigdata     000000
__Lidata                 idata        000000
__LidataBANK0            idataBANK0   000000
__Lidloc                 idloc        000000
__Lifardata              ifardata     000000
__Linit                  init         000000
__Lintcode               intcode      000000
__Lintcode_body          intcode_body 000000
__Lintcodelo             intcodelo    000000
__Lintentry              intentry     000000
__Lintret                intret       000000
__Lintsave_regs          intsave_regs 000000
__Lirdata                irdata       000000
__Lmediumconst           mediumconst  000000
__LnvFARRAM              nvFARRAM     000000
__Lnvbit                 nvbit        000000
__Lnvrram                nvrram       000000
__Lparam                 rparam       000000
__Lpowerup               powerup      000000
__Lram                   ram          000000
__Lramtop                ramtop       000800
__Lrbit                  rbit         000000
__Lrbss                  rbss         000000
__Lrdata                 rdata        000000
__Lreset_vec             reset_vec    000000
__Lrparam                rparam       000000
__Lsfr                   sfr          000000
__Lsmallconst            smallconst   000800
__Lspace_0               (abs)        000000
__Lspace_1               (abs)        000000
__Lspace_2               (abs)        000000
__Lspace_4               (abs)        000000
__Lstack                 stack        000000
__Lstruct                struct       000000
__Ltemp                  temp         000000
__Ltext                  text         000000
__Ltext0                 text0        000000
__Ltext1                 text1        000000
__Ltext10                text10       000000
__Ltext11                text11       000000
__Ltext12                text12       000000
__Ltext13                text13       000000
__Ltext14                text14       000000
__Ltext15                text15       000000
__Ltext16                text16       000000
__Ltext17                text17       000000
__Ltext18                text18       000000
__Ltext19                text19       000000
__Ltext2                 text2        000000
__Ltext20                text20       000000
__Ltext21                text21       000000
__Ltext22                text22       000000
__Ltext23                text23       000000
__Ltext24                text24       000000
__Ltext25                text25       000000
__Ltext26                text26       000000
__Ltext27                text27       000000
__Ltext28                text28       000000
__Ltext29                text29       000000
__Ltext3                 text3        000000
__Ltext30                text30       000000
__Ltext31                text31       000000
__Ltext32                text32       000000
__Ltext33                text33       000000
__Ltext34                text34       000000
__Ltext35                text35       000000
__Ltext36                text36       000000
__Ltext37                text37       000000
__Ltext38                text38       000000
__Ltext39                text39       000000
__Ltext4                 text4        000000
__Ltext40                text40       000000
__Ltext41                text41       000000
__Ltext42                text42       000000
__Ltext43                text43       000000
__Ltext44                text44       000000
__Ltext45                text45       000000
__Ltext46                text46       000000
__Ltext47                text47       000000
__Ltext48                text48       000000
__Ltext5                 text5        000000
__Ltext6                 text6        000000
__Ltext7                 text7        000000
__Ltext8                 text8        000000
__Ltext9                 text9        000000
__S0                     (abs)        005E0F
__S1                     (abs)        000800
__S4                     (abs)        000000
__S5                     (abs)        000000
___heap_hi               (abs)        000000
___heap_lo               (abs)        000000
___inthi_sp              stack        000000
___intlo_sp              stack        000000
___lldiv                 text26       005800
___lldiv@counter         cstackCOMRAM 00000D
___lldiv@dividend        cstackCOMRAM 000001
___lldiv@divisor         cstackCOMRAM 000005
___lldiv@quotient        cstackCOMRAM 000009
___lmul                  text25       005AD6
___lmul@multiplicand     cstackCOMRAM 000005
___lmul@multiplier       cstackCOMRAM 000001
___lmul@product          cstackCOMRAM 000009
___param_bank            (abs)        000000
___rparam_used           (abs)        000001
___send_cmd              text42       005694
___send_cmd@arg          cstackCOMRAM 000004
___send_cmd@cmd          cstackCOMRAM 00000A
___send_cmd@n            cstackCOMRAM 000009
___send_cmd@res          cstackCOMRAM 000008
___sp                    stack        000000
___wmul                  text34       005D8E
___wmul@multiplicand     cstackCOMRAM 000003
___wmul@multiplier       cstackCOMRAM 000001
___wmul@product          cstackCOMRAM 000005
__accesstop              (abs)        000060
__activetblptr           (abs)        000002
__end_of_SPI_Exchange    text48       005DEC
__end_of_SPI_Init_Master text23       005D8E
__end_of_SPI_Write       text46       005E04
__end_of___lldiv         text26       0058A4
__end_of___lmul          text25       005B40
__end_of___send_cmd      text42       005756
__end_of___wmul          text34       005DB4
__end_of__initialization cinit        005CD0
__end_of_check_fs        text24       0051A4
__end_of_chk_chr         text9        005B9E
__end_of_clust2sect      text18       0055D0
__end_of_create_chain    text15       003BBA
__end_of_create_name     text8        0037FC
__end_of_deselect        text45       005E0E
__end_of_dir_alloc       text12       004CE8
__end_of_dir_find        text6        004F5C
__end_of_dir_next        text14       002730
__end_of_dir_register    text10       00528E
__end_of_dir_sdi         text13       003F06
__end_of_disk_initialize text22       0041DC
__end_of_disk_ioctl      text33       002264
__end_of_disk_read       text40       004E24
__end_of_disk_status     text30       005DD2
__end_of_disk_write      text38       0048CA
__end_of_f_close         text27       005C9E
__end_of_f_mount         text19       005370
__end_of_f_open          text2        00303E
__end_of_f_sync          text28       004BAC
__end_of_f_write         text1        001C60
__end_of_find_volume     text20       0013CE
__end_of_follow_path     text4        004572
__end_of_get_fat         text17       003430
__end_of_get_ldnumber    text21       005088
__end_of_ld_clust        text5        005A5C
__end_of_main            text0        0059D4
__end_of_mem_cmp         text7        005AD6
__end_of_mem_cpy         text11       005442
__end_of_mem_set         text32       005D12
__end_of_move_window     text36       005694
__end_of_put_fat         text16       002BD4
__end_of_rcvr_datablock  text47       005940
__end_of_remove_chain    text3        004720
__end_of_select          text43       005D66
__end_of_send_cmd        text41       005C54
__end_of_st_clust        text35       005D3C
__end_of_sync_fs         text31       0043C2
__end_of_sync_window     text37       004A50
__end_of_validate        text29       00550A
__end_of_wait_ready      text44       005BFC
__end_of_xmit_datablock  text39       005800
__initialization         cinit        005C9E
__mediumconst            mediumconst  000000
__pbssBANK0              bssBANK0     0000D2
__pbssBIGRAM             bssBIGRAM    0005D2
__pcinit                 cinit        005C9E
__pcstackBANK0           cstackBANK0  000060
__pcstackCOMRAM          cstackCOMRAM 000001
__pdataBANK0             dataBANK0    0000F7
__pidataBANK0            idataBANK0   005E0E
__psmallconst            smallconst   000800
__ptext0                 text0        005940
__ptext1                 text1        0013CE
__ptext10                text10       0051A4
__ptext11                text11       005370
__ptext12                text12       004BAC
__ptext13                text13       003BBA
__ptext14                text14       002264
__ptext15                text15       0037FC
__ptext16                text16       002730
__ptext17                text17       00303E
__ptext18                text18       00550A
__ptext19                text19       00528E
__ptext2                 text2        002BD4
__ptext20                text20       000834
__ptext21                text21       004F5C
__ptext22                text22       003F06
__ptext23                text23       005D66
__ptext24                text24       005088
__ptext25                text25       005AD6
__ptext26                text26       005800
__ptext27                text27       005C54
__ptext28                text28       004A50
__ptext29                text29       005442
__ptext3                 text3        004572
__ptext30                text30       005DB4
__ptext31                text31       0041DC
__ptext32                text32       005CDA
__ptext33                text33       001C60
__ptext34                text34       005D8E
__ptext35                text35       005D12
__ptext36                text36       0055D0
__ptext37                text37       0048CA
__ptext38                text38       004720
__ptext39                text39       005756
__ptext4                 text4        0043C2
__ptext40                text40       004CE8
__ptext41                text41       005BFC
__ptext42                text42       005694
__ptext43                text43       005D3C
__ptext44                text44       005B9E
__ptext45                text45       005E04
__ptext46                text46       005DEC
__ptext47                text47       0058A4
__ptext48                text48       005DD2
__ptext5                 text5        0059D4
__ptext6                 text6        004E24
__ptext7                 text7        005A5C
__ptext8                 text8        003430
__ptext9                 text9        005B40
__ramtop                 ramtop       000800
__smallconst             smallconst   000800
_check_fs                text24       005088
_chk_chr                 text9        005B40
_clust2sect              text18       00550A
_create_chain            text15       0037FC
_create_name             text8        003430
_create_name$1131        cstackCOMRAM 00000F
_deselect                text45       005E04
_dir_alloc               text12       004BAC
_dir_find                text6        004E24
_dir_next                text14       002264
_dir_register            text10       0051A4
_dir_sdi                 text13       003BBA
_disk_initialize         text22       003F06
_disk_initialize$641     cstackCOMRAM 000017
_disk_ioctl              text33       001C60
_disk_read               text40       004CE8
_disk_read$650           cstackCOMRAM 00001A
_disk_status             text30       005DB4
_disk_write              text38       004720
_f_close                 text27       005C54
_f_mount                 text19       00528E
_f_open                  text2        002BD4
_f_sync                  text28       004A50
_f_write                 text1        0013CE
_find_volume             text20       000834
_find_volume$1235        cstackBANK0  000070
_find_volume$1236        cstackBANK0  000074
_follow_path             text4        0043C2
_get_fat                 text17       00303E
_get_fat$881             cstackCOMRAM 000049
_get_ldnumber            text21       004F5C
_ld_clust                text5        0059D4
_main                    text0        005940
_mem_cmp                 text7        005A5C
_mem_cpy                 text11       005370
_mem_set                 text32       005CDA
_move_window             text36       0055D0
_put_fat                 text16       002730
_put_fat$907             cstackCOMRAM 00004D
_put_fat$908             cstackCOMRAM 00004F
_rcvr_datablock          text47       0058A4
_remove_chain            text3        004572
_select                  text43       005D3C
_send_cmd                text41       005BFC
_st_clust                text35       005D12
_sync_fs                 text31       0041DC
_sync_window             text37       0048CA
_validate                text29       005442
_wait_ready              text44       005B9E
_xmit_datablock          text39       005756
check_fs@fs              cstackCOMRAM 00003B
check_fs@sect            cstackCOMRAM 00003D
chk_chr@chr              cstackCOMRAM 000003
chk_chr@str              cstackCOMRAM 000001
clust2sect@clst          cstackCOMRAM 00000F
clust2sect@fs            cstackCOMRAM 00000D
create_chain@clst        cstackCOMRAM 000058
create_chain@cs          cstackBANK0  000069
create_chain@fs          cstackCOMRAM 000056
create_chain@ncl         cstackBANK0  000065
create_chain@res         cstackBANK0  000060
create_chain@scl         cstackBANK0  000061
create_name@b            cstackCOMRAM 000013
create_name@c            cstackCOMRAM 00001D
create_name@d            cstackCOMRAM 000018
create_name@dp           cstackCOMRAM 000009
create_name@i            cstackCOMRAM 00001B
create_name@ni           cstackCOMRAM 000014
create_name@p            cstackCOMRAM 000016
create_name@path         cstackCOMRAM 00000B
create_name@sfn          cstackCOMRAM 000019
create_name@si           cstackCOMRAM 000011
dir_alloc@dp             cstackBANK0  000081
dir_alloc@n              cstackBANK0  000088
dir_alloc@nent           cstackBANK0  000083
dir_alloc@res            cstackBANK0  00008A
dir_find@c               cstackBANK0  000083
dir_find@dir             cstackBANK0  000084
dir_find@dp              cstackBANK0  000081
dir_find@res             cstackBANK0  000086
dir_next@c               cstackBANK0  000079
dir_next@clst            cstackBANK0  00007D
dir_next@dp              cstackBANK0  00006D
dir_next@i               cstackBANK0  00007B
dir_next@stretch         cstackBANK0  00006F
dir_register@dp          cstackBANK0  00008B
dir_register@res         cstackBANK0  00008D
dir_sdi@clst             cstackBANK0  000066
dir_sdi@dp               cstackCOMRAM 000055
dir_sdi@ic               cstackBANK0  000060
dir_sdi@idx              cstackCOMRAM 000057
dir_sdi@sect             cstackBANK0  000062
disk_initialize@cmd      cstackCOMRAM 000019
disk_initialize@n        cstackCOMRAM 00001D
disk_initialize@ocr      cstackCOMRAM 000013
disk_initialize@pdrv     cstackCOMRAM 000012
disk_initialize@tmr      cstackCOMRAM 00001B
disk_initialize@ty       cstackCOMRAM 00001A
disk_ioctl@buff          cstackCOMRAM 000012
disk_ioctl@cmd           cstackCOMRAM 000011
disk_ioctl@csd           cstackCOMRAM 00001F
disk_ioctl@csize         cstackCOMRAM 000030
disk_ioctl@n             cstackCOMRAM 000035
disk_ioctl@pdrv          cstackCOMRAM 00002F
disk_ioctl@ptr           cstackCOMRAM 000036
disk_ioctl@res           cstackCOMRAM 000034
disk_read@buff           cstackCOMRAM 000011
disk_read@cmd            cstackCOMRAM 00001C
disk_read@count          cstackCOMRAM 000017
disk_read@pdrv           cstackCOMRAM 000019
disk_read@sector         cstackCOMRAM 000013
disk_status@pdrv         cstackCOMRAM 000001
disk_write@buff          cstackCOMRAM 000011
disk_write@count         cstackCOMRAM 000017
disk_write@pdrv          cstackCOMRAM 00001A
disk_write@sector        cstackCOMRAM 000013
end_of_initialization    cinit        005CD0
f_close@fp               cstackCOMRAM 000048
f_close@res              cstackCOMRAM 00004A
f_mount@cfs              cstackCOMRAM 000058
f_mount@fs               cstackCOMRAM 000052
f_mount@opt              cstackCOMRAM 000056
f_mount@path             cstackCOMRAM 000054
f_mount@res              cstackCOMRAM 000057
f_mount@rp               cstackCOMRAM 00005A
f_mount@vol              cstackCOMRAM 00005C
f_open@cl                cstackBANK0  0000AF
f_open@dir               cstackBANK0  0000B8
f_open@dj                cstackBANK0  0000BA
f_open@dw                cstackBANK0  0000B3
f_open@fp                cstackBANK0  00009A
f_open@mode              cstackBANK0  00009E
f_open@path              cstackBANK0  00009C
f_open@res               cstackBANK0  0000B7
f_open@sfn               cstackBANK0  0000A3
f_sync@dir               cstackCOMRAM 000046
f_sync@fp                cstackCOMRAM 000043
f_sync@res               cstackCOMRAM 000045
f_write@btw              cstackBANK0  000071
f_write@buff             cstackBANK0  00006F
f_write@bw               cstackBANK0  000073
f_write@cc               cstackBANK0  000085
f_write@clst             cstackBANK0  00008B
f_write@csect            cstackBANK0  000084
f_write@fp               cstackBANK0  00006D
f_write@res              cstackBANK0  000081
f_write@sect             cstackBANK0  000087
f_write@wbuff            cstackBANK0  000082
f_write@wcnt             cstackBANK0  00008F
find_volume@br           cstackBANK0  000060
find_volume@bsect        cstackBANK0  000091
find_volume@fasize       cstackBANK0  00008D
find_volume@fmt          cstackBANK0  000097
find_volume@fs           cstackBANK0  000098
find_volume@i            cstackBANK0  000095
find_volume@nclst        cstackBANK0  000088
find_volume@nrsv         cstackBANK0  000082
find_volume@path         cstackCOMRAM 000047
find_volume@pt           cstackBANK0  00007A
find_volume@rfs          cstackCOMRAM 000045
find_volume@stat         cstackBANK0  00008C
find_volume@sysect       cstackBANK0  00007C
find_volume@szbfat       cstackBANK0  000076
find_volume@tsect        cstackBANK0  000084
find_volume@vol          cstackBANK0  000080
find_volume@wmode        cstackCOMRAM 000049
follow_path@dir          cstackBANK0  00008B
follow_path@dp           cstackBANK0  000087
follow_path@ns           cstackBANK0  00008D
follow_path@path         cstackBANK0  000089
follow_path@res          cstackBANK0  00008E
get_fat@bc               cstackCOMRAM 000053
get_fat@clst             cstackCOMRAM 00003D
get_fat@fs               cstackCOMRAM 00003B
get_fat@p                cstackCOMRAM 000051
get_fat@val              cstackCOMRAM 00004B
get_fat@wc               cstackCOMRAM 00004F
get_ldnumber@i           cstackCOMRAM 000009
get_ldnumber@path        cstackCOMRAM 000001
get_ldnumber@tp          cstackCOMRAM 000005
get_ldnumber@tt          cstackCOMRAM 00000B
get_ldnumber@vol         cstackCOMRAM 000007
intlevel0                text         000000
intlevel1                text         000000
intlevel2                text         000000
intlevel3                text         000000
isa$std                  (abs)        000001
isa$xinst                (abs)        000000
ld_clust@cl              cstackCOMRAM 00000B
ld_clust@dir             cstackCOMRAM 000003
ld_clust@fs              cstackCOMRAM 000001
main@bx                  cstackBANK0  0000D0
mem_cmp@cnt              cstackCOMRAM 000005
mem_cmp@d                cstackCOMRAM 000009
mem_cmp@dst              cstackCOMRAM 000001
mem_cmp@r                cstackCOMRAM 00000D
mem_cmp@s                cstackCOMRAM 00000B
mem_cmp@src              cstackCOMRAM 000003
mem_cpy@cnt              cstackCOMRAM 000005
mem_cpy@d                cstackCOMRAM 000009
mem_cpy@dst              cstackCOMRAM 000001
mem_cpy@s                cstackCOMRAM 00000B
mem_cpy@src              cstackCOMRAM 000003
mem_set@cnt              cstackCOMRAM 000005
mem_set@d                cstackCOMRAM 000007
mem_set@dst              cstackCOMRAM 000001
mem_set@val              cstackCOMRAM 000003
move_window@fs           cstackCOMRAM 000030
move_window@res          cstackCOMRAM 00003A
move_window@sector       cstackCOMRAM 000032
put_fat@bc               cstackCOMRAM 000051
put_fat@clst             cstackCOMRAM 00003D
put_fat@fs               cstackCOMRAM 00003B
put_fat@p                cstackCOMRAM 000054
put_fat@res              cstackCOMRAM 000053
put_fat@val              cstackCOMRAM 000041
rcvr_datablock@btr       cstackCOMRAM 000004
rcvr_datablock@buff      cstackCOMRAM 000002
rcvr_datablock@tmr       cstackCOMRAM 000006
rcvr_datablock@token     cstackCOMRAM 000008
remove_chain@clst        cstackCOMRAM 000058
remove_chain@fs          cstackCOMRAM 000056
remove_chain@nxt         cstackBANK0  000061
remove_chain@res         cstackBANK0  000060
send_cmd@arg             cstackCOMRAM 00000B
send_cmd@cmd             cstackCOMRAM 00000F
send_cmd@res             cstackCOMRAM 000010
st_clust@cl              cstackCOMRAM 000003
st_clust@dir             cstackCOMRAM 000001
stackhi                  (abs)        000000
stacklo                  (abs)        000000
start                    init         000000
start_initialization     cinit        005C9E
sync_fs@fs               cstackCOMRAM 000038
sync_fs@res              cstackCOMRAM 000042
sync_window@fs           cstackCOMRAM 00001B
sync_window@nf           cstackCOMRAM 00002A
sync_window@res          cstackCOMRAM 000029
sync_window@wsect        cstackCOMRAM 00002C
validate@fil             cstackCOMRAM 000008
validate@obj             cstackCOMRAM 000002
wait_ready@tmr           cstackCOMRAM 000002
xmit_datablock@buff      cstackCOMRAM 000004
xmit_datablock@i         cstackCOMRAM 000007
xmit_datablock@resp      cstackCOMRAM 000009
xmit_datablock@token     cstackCOMRAM 000006


MODULE INFORMATION

Module		Function		Class		Link	Load	Size
diskio.c
		_rcvr_datablock		CODE           	58A4	0000	156
		_send_cmd      		CODE           	5BFC	0000	88
		_disk_initialize		CODE           	3F06	0000	726
		_disk_write    		CODE           	4720	0000	426
		_disk_status   		CODE           	5DB4	0000	30
		_deselect      		CODE           	5E04	0000	10
		_disk_ioctl    		CODE           	1C60	0000	1540
		___send_cmd    		CODE           	5694	0000	194
		_disk_read     		CODE           	4CE8	0000	316
		_select        		CODE           	5D3C	0000	42
		_xmit_datablock		CODE           	5756	0000	170
		_wait_ready    		CODE           	5B9E	0000	94

diskio.c estimated size: 3792

C:\Program Files\Microchip\xc8\v2.41\pic\sources\c99\common\Umul32.c
		___lmul        		CODE           	5AD6	0000	106

C:\Program Files\Microchip\xc8\v2.41\pic\sources\c99\common\Umul32.c estimated size: 106

C:\Program Files\Microchip\xc8\v2.41\pic\sources\c99\common\__lldiv.c
		___lldiv       		CODE           	5800	0000	164

C:\Program Files\Microchip\xc8\v2.41\pic\sources\c99\common\__lldiv.c estimated size: 164

ff.c
		_mem_cpy       		CODE           	5370	0000	210
		_find_volume   		CODE           	0834	0000	2970
		_remove_chain  		CODE           	4572	0000	430
		_f_mount       		CODE           	528E	0000	226
		_get_fat       		CODE           	303E	0000	1010
		_get_ldnumber  		CODE           	4F5C	0000	300
		_st_clust      		CODE           	5D12	0000	42
		_create_name   		CODE           	3430	0000	972
		_chk_chr       		CODE           	5B40	0000	94
		_create_chain  		CODE           	37FC	0000	958
		_validate      		CODE           	5442	0000	200
		_check_fs      		CODE           	5088	0000	284
		_f_sync        		CODE           	4A50	0000	348
		_f_write       		CODE           	13CE	0000	2194
		_mem_set       		CODE           	5CDA	0000	56
		_dir_alloc     		CODE           	4BAC	0000	316
		_clust2sect    		CODE           	550A	0000	198
		_put_fat       		CODE           	2730	0000	1188
		_sync_fs       		CODE           	41DC	0000	486
		_dir_next      		CODE           	2264	0000	1228
		_sync_window   		CODE           	48CA	0000	390
		_dir_register  		CODE           	51A4	0000	234
		_dir_find      		CODE           	4E24	0000	312
		_f_open        		CODE           	2BD4	0000	1130
		_mem_cmp       		CODE           	5A5C	0000	122
		_f_close       		CODE           	5C54	0000	74
		_dir_sdi       		CODE           	3BBA	0000	844
		_follow_path   		CODE           	43C2	0000	432
		_ld_clust      		CODE           	59D4	0000	136
		_move_window   		CODE           	55D0	0000	196

ff.c estimated size: 17580

Programa_principal.c
		_main          		CODE           	5940	0000	148

Programa_principal.c estimated size: 148

SPI_libreria.c
		_SPI_Init_Master		CODE           	5D66	0000	40
		_SPI_Exchange  		CODE           	5DD2	0000	26
		_SPI_Write     		CODE           	5DEC	0000	24

SPI_libreria.c estimated size: 90

shared
		__initialization		CODE           	5C9E	0000	50

shared estimated size: 50

C:\Program Files\Microchip\xc8\v2.41\pic\sources\c99\common\Umul16.c
		___wmul        		CODE           	5D8E	0000	38

C:\Program Files\Microchip\xc8\v2.41\pic\sources\c99\common\Umul16.c estimated size: 38

